                                                           The SAS System                          09:07 Friday, August 30, 2019   1

                                                        The PHREG Procedure

                                                         Model Information

                                                 Data Set                 SAVE.NHS
                                                 Dependent Variable       age1    
                                                 Dependent Variable       age2    
                                                 Censoring Variable       death   
                                                 Censoring Value(s)       0       
                                                 Ties Handling            BRESLOW 


                                              Number of Observations Read      202502
                                              Number of Observations Used      202502


                                         Summary of the Number of Event and Censored Values
 
                                                                                 Percent
                                               Total       Event    Censored    Censored

                                              202502        3715      198787       98.17


                                                         Convergence Status

                                           Convergence criterion (GCONV=1E-8) satisfied.          


                                                       Model Fit Statistics
 
                                                               Without           With
                                              Criterion     Covariates     Covariates

                                              -2 LOG L       63265.451      63229.189
                                              AIC            63265.451      63313.189
                                              SBC            63265.451      63574.434


                                              Testing Global Null Hypothesis: BETA=0
 
                                      Test                 Chi-Square       DF     Pr > ChiSq

                                      Likelihood Ratio        36.2627       42         0.7202
                                      Score                   36.2721       42         0.7198
                                      Wald                    36.2638       42         0.7201
                                                           The SAS System                          09:07 Friday, August 30, 2019   2

                                                        The PHREG Procedure

                                             Analysis of Maximum Likelihood Estimates
 
                                            Parameter      Standard                                  Hazard
                        Parameter    DF      Estimate         Error    Chi-Square    Pr > ChiSq       Ratio

                        x1            1     0.0004809     0.0005712        0.7086        0.3999       1.000
                        x2            1       0.03522       0.03252        1.1731        0.2788       1.036
                        xb_1          1       0.02777       0.03340        0.6916        0.4056       1.028
                        xb_2          1      -0.03722       0.03368        1.2215        0.2691       0.963
                        xb_3          1      -0.02899       0.03362        0.7434        0.3886       0.971
                        xb_4          1       0.03238       0.03344        0.9376        0.3329       1.033
                        xb_5          1       0.00759       0.03348        0.0514        0.8206       1.008
                        xb_6          1       0.01845       0.03347        0.3039        0.5814       1.019
                        xb_7          1      -0.00899       0.03364        0.0714        0.7893       0.991
                        xb_8          1       0.01017       0.03349        0.0923        0.7613       1.010
                        xb_9          1       0.00106       0.03350        0.0010        0.9747       1.001
                        xb_10         1       0.01153       0.03349        0.1187        0.7305       1.012
                        xb_11         1       0.03068       0.03345        0.8413        0.3590       1.031
                        xb_12         1      -0.08115       0.03386        5.7456        0.0165       0.922
                        xb_13         1      -0.05167       0.03366        2.3566        0.1248       0.950
                        xb_14         1       0.03069       0.03348        0.8404        0.3593       1.031
                        xb_15         1      -0.00755       0.03354        0.0507        0.8219       0.992
                        xb_16         1       0.04493       0.03337        1.8124        0.1782       1.046
                        xb_17         1       0.00374       0.03351        0.0125        0.9111       1.004
                        xb_18         1      -0.02399       0.03363        0.5088        0.4757       0.976
                        xb_19         1      -0.04101       0.03361        1.4891        0.2224       0.960
                        xb_20         1      -0.01308       0.03357        0.1517        0.6969       0.987
                        xb_21         1      -0.02869       0.03362        0.7279        0.3936       0.972
                        xb_22         1       0.00974       0.03349        0.0846        0.7711       1.010
                        xb_23         1       0.05006       0.03334        2.2547        0.1332       1.051
                        xb_24         1      -0.03519       0.03365        1.0936        0.2957       0.965
                        xb_25         1    -0.0008300       0.03355        0.0006        0.9803       0.999
                        xb_26         1       0.07071       0.03330        4.5098        0.0337       1.073
                        xb_27         1      -0.03449       0.03364        1.0506        0.3054       0.966
                        xb_28         1      -0.01331       0.03358        0.1572        0.6918       0.987
                        xb_29         1      -0.00173       0.03358        0.0026        0.9590       0.998
                        xb_30         1      -0.01719       0.03356        0.2625        0.6084       0.983
                        xb_31         1      -0.04912       0.03376        2.1176        0.1456       0.952
                        xb_32         1      -0.00501       0.03355        0.0223        0.8813       0.995
                        xb_33         1       0.02187       0.03344        0.4278        0.5131       1.022
                        xb_34         1      -0.01003       0.03363        0.0889        0.7656       0.990
                        xb_35         1      -0.04308       0.03370        1.6346        0.2011       0.958
                        xb_36         1      -0.03348       0.03365        0.9899        0.3198       0.967
                        xb_37         1      -0.00934       0.03351        0.0777        0.7805       0.991
                        xb_38         1       0.00475       0.03362        0.0199        0.8877       1.005
                        xb_39         1       0.02287       0.03339        0.4691        0.4934       1.023
                        xb_40         1      -0.01861       0.03358        0.3071        0.5795       0.982
                                                           The SAS System                          09:07 Friday, August 30, 2019   3

                                                        The PHREG Procedure

                                                         Model Information

                                                 Data Set                 SAVE.NHS
                                                 Dependent Variable       age1    
                                                 Dependent Variable       age2    
                                                 Censoring Variable       death   
                                                 Censoring Value(s)       0       
                                                 Ties Handling            BRESLOW 


                                              Number of Observations Read      405300
                                              Number of Observations Used      405300


                                         Summary of the Number of Event and Censored Values
 
                                                                                 Percent
                                               Total       Event    Censored    Censored

                                              405300        7508      397792       98.15


                                                         Convergence Status

                                           Convergence criterion (GCONV=1E-8) satisfied.          


                                                       Model Fit Statistics
 
                                                               Without           With
                                              Criterion     Covariates     Covariates

                                              -2 LOG L       138111.25      138068.26
                                              AIC            138111.25      138152.26
                                              SBC            138111.25      138443.06


                                              Testing Global Null Hypothesis: BETA=0
 
                                      Test                 Chi-Square       DF     Pr > ChiSq

                                      Likelihood Ratio        42.9836       42         0.4289
                                      Score                   42.9970       42         0.4283
                                      Wald                    42.9917       42         0.4286
                                                           The SAS System                          09:07 Friday, August 30, 2019   4

                                                        The PHREG Procedure

                                             Analysis of Maximum Likelihood Estimates
 
                                            Parameter      Standard                                  Hazard
                        Parameter    DF      Estimate         Error    Chi-Square    Pr > ChiSq       Ratio

                        x1            1     0.0002787     0.0004001        0.4854        0.4860       1.000
                        x2            1       0.03563       0.02293        2.4148        0.1202       1.036
                        xb_1          1       0.02622       0.02350        1.2450        0.2645       1.027
                        xb_2          1      -0.03782       0.02366        2.5544        0.1100       0.963
                        xb_3          1      -0.02815       0.02364        1.4180        0.2337       0.972
                        xb_4          1       0.03771       0.02349        2.5770        0.1084       1.038
                        xb_5          1       0.01398       0.02353        0.3530        0.5524       1.014
                        xb_6          1       0.02357       0.02351        1.0056        0.3160       1.024
                        xb_7          1      -0.00542       0.02362        0.0526        0.8186       0.995
                        xb_8          1       0.00795       0.02354        0.1140        0.7356       1.008
                        xb_9          1    -0.0001915       0.02357        0.0001        0.9935       1.000
                        xb_10         1       0.04052       0.02347        2.9801        0.0843       1.041
                        xb_11         1       0.01885       0.02354        0.6413        0.4232       1.019
                        xb_12         1      -0.03856       0.02366        2.6554        0.1032       0.962
                        xb_13         1      -0.05965       0.02370        6.3316        0.0119       0.942
                        xb_14         1       0.01694       0.02354        0.5180        0.4717       1.017
                        xb_15         1      -0.01650       0.02359        0.4890        0.4844       0.984
                        xb_16         1       0.02185       0.02351        0.8639        0.3526       1.022
                        xb_17         1      -0.01356       0.02361        0.3300        0.5657       0.987
                        xb_18         1      -0.00442       0.02359        0.0351        0.8514       0.996
                        xb_19         1      -0.02195       0.02361        0.8642        0.3526       0.978
                        xb_20         1      -0.00609       0.02359        0.0665        0.7964       0.994
                        xb_21         1      -0.03077       0.02365        1.6931        0.1932       0.970
                        xb_22         1       0.00464       0.02355        0.0388        0.8439       1.005
                        xb_23         1      -0.00286       0.02357        0.0147        0.9035       0.997
                        xb_24         1      -0.00426       0.02359        0.0326        0.8566       0.996
                        xb_25         1       0.01905       0.02353        0.6551        0.4183       1.019
                        xb_26         1       0.04403       0.02349        3.5147        0.0608       1.045
                        xb_27         1      -0.00125       0.02356        0.0028        0.9576       0.999
                        xb_28         1       0.01803       0.02354        0.5863        0.4439       1.018
                        xb_29         1      -0.01338       0.02362        0.3206        0.5712       0.987
                        xb_30         1      -0.01512       0.02359        0.4107        0.5216       0.985
                        xb_31         1      -0.01997       0.02363        0.7144        0.3980       0.980
                        xb_32         1      -0.01522       0.02362        0.4151        0.5194       0.985
                        xb_33         1       0.03321       0.02349        1.9978        0.1575       1.034
                        xb_34         1      -0.00181       0.02359        0.0059        0.9390       0.998
                        xb_35         1      -0.00820       0.02359        0.1208        0.7281       0.992
                        xb_36         1      -0.00564       0.02359        0.0572        0.8110       0.994
                        xb_37         1      -0.01376       0.02360        0.3399        0.5599       0.986
                        xb_38         1      -0.03489       0.02368        2.1713        0.1406       0.966
                        xb_39         1    -0.0007394       0.02354        0.0010        0.9749       0.999
                        xb_40         1      -0.03372       0.02365        2.0328        0.1539       0.967
                                                           The SAS System                          09:07 Friday, August 30, 2019   5

                                                        The PHREG Procedure

                                                         Model Information

                                                 Data Set                 SAVE.NHS
                                                 Dependent Variable       age1    
                                                 Dependent Variable       age2    
                                                 Censoring Variable       death   
                                                 Censoring Value(s)       0       
                                                 Ties Handling            BRESLOW 


                                              Number of Observations Read      608361
                                              Number of Observations Used      608361


                                         Summary of the Number of Event and Censored Values
 
                                                                                 Percent
                                               Total       Event    Censored    Censored

                                              608361       11220      597141       98.16


                                                         Convergence Status

                                           Convergence criterion (GCONV=1E-8) satisfied.          


                                                       Model Fit Statistics
 
                                                               Without           With
                                              Criterion     Covariates     Covariates

                                              -2 LOG L       215357.02      215313.89
                                              AIC            215357.02      215397.89
                                              SBC            215357.02      215705.56


                                              Testing Global Null Hypothesis: BETA=0
 
                                      Test                 Chi-Square       DF     Pr > ChiSq

                                      Likelihood Ratio        43.1258       42         0.4229
                                      Score                   43.1221       42         0.4231
                                      Wald                    43.1082       42         0.4237
                                                           The SAS System                          09:07 Friday, August 30, 2019   6

                                                        The PHREG Procedure

                                             Analysis of Maximum Likelihood Estimates
 
                                            Parameter      Standard                                  Hazard
                        Parameter    DF      Estimate         Error    Chi-Square    Pr > ChiSq       Ratio

                        x1            1     0.0002780     0.0003272        0.7216        0.3956       1.000
                        x2            1       0.02914       0.01874        2.4184        0.1199       1.030
                        xb_1          1       0.01795       0.01923        0.8716        0.3505       1.018
                        xb_2          1      -0.02588       0.01933        1.7929        0.1806       0.974
                        xb_3          1      -0.04281       0.01937        4.8825        0.0271       0.958
                        xb_4          1       0.02464       0.01923        1.6418        0.2001       1.025
                        xb_5          1       0.02384       0.01924        1.5359        0.2152       1.024
                        xb_6          1       0.01197       0.01925        0.3866        0.5341       1.012
                        xb_7          1      -0.01963       0.01935        1.0300        0.3102       0.981
                        xb_8          1      -0.01418       0.01929        0.5407        0.4621       0.986
                        xb_9          1      -0.02376       0.01932        1.5118        0.2189       0.977
                        xb_10         1       0.00609       0.01927        0.0997        0.7522       1.006
                        xb_11         1       0.00788       0.01926        0.1672        0.6826       1.008
                        xb_12         1      -0.01822       0.01931        0.8900        0.3455       0.982
                        xb_13         1      -0.03290       0.01934        2.8959        0.0888       0.968
                        xb_14         1       0.02086       0.01925        1.1737        0.2786       1.021
                        xb_15         1      -0.01764       0.01931        0.8345        0.3610       0.983
                        xb_16         1       0.01321       0.01926        0.4703        0.4928       1.013
                        xb_17         1      -0.00798       0.01929        0.1710        0.6793       0.992
                        xb_18         1       0.00681       0.01927        0.1248        0.7239       1.007
                        xb_19         1      -0.01678       0.01931        0.7554        0.3848       0.983
                        xb_20         1      -0.01869       0.01932        0.9363        0.3332       0.981
                        xb_21         1      -0.04119       0.01937        4.5223        0.0335       0.960
                        xb_22         1       0.00204       0.01927        0.0112        0.9157       1.002
                        xb_23         1       0.00911       0.01925        0.2239        0.6360       1.009
                        xb_24         1      -0.00776       0.01930        0.1617        0.6876       0.992
                        xb_25         1       0.00972       0.01926        0.2549        0.6137       1.010
                        xb_26         1       0.02750       0.01924        2.0424        0.1530       1.028
                        xb_27         1       0.00585       0.01927        0.0923        0.7613       1.006
                        xb_28         1       0.01821       0.01926        0.8943        0.3443       1.018
                        xb_29         1      -0.01174       0.01931        0.3698        0.5431       0.988
                        xb_30         1      -0.01196       0.01929        0.3849        0.5350       0.988
                        xb_31         1       0.00853       0.01927        0.1959        0.6580       1.009
                        xb_32         1      -0.01366       0.01930        0.5005        0.4793       0.986
                        xb_33         1       0.03566       0.01922        3.4436        0.0635       1.036
                        xb_34         1      -0.01350       0.01932        0.4885        0.4846       0.987
                        xb_35         1      -0.01470       0.01931        0.5792        0.4466       0.985
                        xb_36         1      -0.00754       0.01930        0.1525        0.6961       0.992
                        xb_37         1      -0.00414       0.01928        0.0462        0.8299       0.996
                        xb_38         1      -0.01755       0.01933        0.8242        0.3640       0.983
                        xb_39         1       0.01023       0.01924        0.2828        0.5949       1.010
                        xb_40         1      -0.02562       0.01932        1.7584        0.1848       0.975
