                                 The SAS System                                1
                                                 07:16 Monday, September 9, 2019

                              The PHREG Procedure

                               Model Information

                      Data Set                 WORK.TEST2
                      Dependent Variable       time      
                      Censoring Variable       status    
                      Censoring Value(s)       0         
                      Ties Handling            BRESLOW   


                    Number of Observations Read          24
                    Number of Observations Used          24


                            Class Level Information
 
                      Class     Value     Design Variables

                      x1        a          1      0       
                                b          0      1       
                                c          0      0       

                      x2a       B          1      0      0
                                C          0      1      0
                                D          0      0      1
                                xA         0      0      0


               Summary of the Number of Event and Censored Values
 
                                                       Percent
                     Total       Event    Censored    Censored

                        24          24           0        0.00


                               Convergence Status

                 Convergence criterion (GCONV=1E-8) satisfied.          


                             Model Fit Statistics
 
                                     Without           With
                    Criterion     Covariates     Covariates

                    -2 LOG L         110.202         87.888
                    AIC              110.202        109.888
                    SBC              110.202        122.847
                                 The SAS System                                2
                                                 07:16 Monday, September 9, 2019

                              The PHREG Procedure

                    Testing Global Null Hypothesis: BETA=0
 
            Test                 Chi-Square       DF     Pr > ChiSq

            Likelihood Ratio        22.3144       11         0.0220
            Score                   21.7028       11         0.0268
            Wald                    15.3304       11         0.1679


                                  Joint Tests
 
                                           Wald
                   Effect      DF    Chi-Square    Pr > ChiSq

                   x1           2        7.9356        0.0189
                   x2a          3        8.1054        0.0439
                   x1*x2a       6        9.0291        0.1719

NOTE: Under full-rank parameterizations, Type 3 effect tests are replaced by 
      joint tests.  The joint test for an effect is a test that all of the 
      parameters associated with that effect are zero.  Such joint tests might 
      not be equivalent to Type 3 effect tests under GLM parameterization.


                   Analysis of Maximum Likelihood Estimates
 
                           Parameter      Standard
 Parameter          DF      Estimate         Error    Chi-Square    Pr > ChiSq

 x1        a         1       1.70828       1.29049        1.7523        0.1856
 x1        b         1       4.69594       1.68916        7.7286        0.0054
 x2a       B         1       4.58860       1.66297        7.6136        0.0058
 x2a       C         1       3.73192       1.63364        5.2186        0.0223
 x2a       D         1       2.32048       1.69733        1.8691        0.1716
 x1*x2a    a  B      1      -3.55955       1.68622        4.4562        0.0348

                   Analysis of Maximum Likelihood Estimates
 
                                       Hazard
                  Parameter             Ratio    Label

                  x1        a                    x1 a        
                  x1        b                    x1 b        
                  x2a       B                    x2a B       
                  x2a       C                    x2a C       
                  x2a       D                    x2a D       
                  x1*x2a    a  B                 x1 a * x2a B
                                 The SAS System                                3
                                                 07:16 Monday, September 9, 2019

                              The PHREG Procedure

                   Analysis of Maximum Likelihood Estimates
 
                           Parameter      Standard
 Parameter          DF      Estimate         Error    Chi-Square    Pr > ChiSq

 x1*x2a    a  C      1      -2.10022       1.60544        1.7114        0.1908
 x1*x2a    a  D      1      -3.86999       2.03569        3.6141        0.0573
 x1*x2a    b  B      1      -3.97183       1.94499        4.1701        0.0411
 x1*x2a    b  C      1      -5.81979       2.25052        6.6873        0.0097
 x1*x2a    b  D      1      -5.39261       2.35977        5.2223        0.0223

                   Analysis of Maximum Likelihood Estimates
 
                                       Hazard
                  Parameter             Ratio    Label

                  x1*x2a    a  C                 x1 a * x2a C
                  x1*x2a    a  D                 x1 a * x2a D
                  x1*x2a    b  B                 x1 b * x2a B
                  x1*x2a    b  C                 x1 b * x2a C
                  x1*x2a    b  D                 x1 b * x2a D


                Likelihood Ratio Statistics for Type 1 Analysis
 
                                                           LR
     Source                    -2 Log L      DF    Chi-Square    Pr > ChiSq

     (Without Covariates)      110.2025                                    
     x1                        108.3004       2        1.9020        0.3863
     x2a                        99.6735       3        8.6270        0.0347
     x1*x2a                     87.8881       6       11.7854        0.0669
                                 The SAS System                                4
                                                 07:16 Monday, September 9, 2019

                              The PHREG Procedure

                               Model Information

                      Data Set                 WORK.TEST2
                      Dependent Variable       time      
                      Censoring Variable       status    
                      Censoring Value(s)       0         
                      Ties Handling            BRESLOW   


                    Number of Observations Read          24
                    Number of Observations Used          24


                            Class Level Information
 
                      Class     Value     Design Variables

                      x1        a          1      0       
                                b          0      1       
                                c          0      0       

                      x2b       A          1      0      0
                                C          0      1      0
                                D          0      0      1
                                xB         0      0      0


               Summary of the Number of Event and Censored Values
 
                                                       Percent
                     Total       Event    Censored    Censored

                        24          24           0        0.00


                               Convergence Status

                 Convergence criterion (GCONV=1E-8) satisfied.          


                             Model Fit Statistics
 
                                     Without           With
                    Criterion     Covariates     Covariates

                    -2 LOG L         110.202         87.888
                    AIC              110.202        109.888
                    SBC              110.202        122.847
                                 The SAS System                                5
                                                 07:16 Monday, September 9, 2019

                              The PHREG Procedure

                    Testing Global Null Hypothesis: BETA=0
 
            Test                 Chi-Square       DF     Pr > ChiSq

            Likelihood Ratio        22.3144       11         0.0220
            Score                   21.7028       11         0.0268
            Wald                    15.3304       11         0.1679


                                  Joint Tests
 
                                           Wald
                   Effect      DF    Chi-Square    Pr > ChiSq

                   x1           2        5.3952        0.0674
                   x2b          3        8.1054        0.0439
                   x1*x2b       6        9.0291        0.1719

NOTE: Under full-rank parameterizations, Type 3 effect tests are replaced by 
      joint tests.  The joint test for an effect is a test that all of the 
      parameters associated with that effect are zero.  Such joint tests might 
      not be equivalent to Type 3 effect tests under GLM parameterization.


                   Analysis of Maximum Likelihood Estimates
 
                           Parameter      Standard
 Parameter          DF      Estimate         Error    Chi-Square    Pr > ChiSq

 x1        a         1      -1.85127       1.08239        2.9253        0.0872
 x1        b         1       0.72411       1.05330        0.4726        0.4918
 x2b       A         1      -4.58860       1.66297        7.6136        0.0058
 x2b       C         1      -0.85668       1.04505        0.6720        0.4124
 x2b       D         1      -2.26812       1.38352        2.6876        0.1011
 x1*x2b    a  A      1       3.55955       1.68622        4.4562        0.0348

                   Analysis of Maximum Likelihood Estimates
 
                                       Hazard
                  Parameter             Ratio    Label

                  x1        a                    x1 a        
                  x1        b                    x1 b        
                  x2b       A                    x2b A       
                  x2b       C                    x2b C       
                  x2b       D                    x2b D       
                  x1*x2b    a  A                 x1 a * x2b A
                                 The SAS System                                6
                                                 07:16 Monday, September 9, 2019

                              The PHREG Procedure

                   Analysis of Maximum Likelihood Estimates
 
                           Parameter      Standard
 Parameter          DF      Estimate         Error    Chi-Square    Pr > ChiSq

 x1*x2b    a  C      1       1.45933       1.37346        1.1290        0.2880
 x1*x2b    a  D      1      -0.31044       1.78721        0.0302        0.8621
 x1*x2b    b  A      1       3.97183       1.94499        4.1701        0.0411
 x1*x2b    b  C      1      -1.84796       1.68689        1.2001        0.2733
 x1*x2b    b  D      1      -1.42078       1.83154        0.6017        0.4379

                   Analysis of Maximum Likelihood Estimates
 
                                       Hazard
                  Parameter             Ratio    Label

                  x1*x2b    a  C                 x1 a * x2b C
                  x1*x2b    a  D                 x1 a * x2b D
                  x1*x2b    b  A                 x1 b * x2b A
                  x1*x2b    b  C                 x1 b * x2b C
                  x1*x2b    b  D                 x1 b * x2b D


                Likelihood Ratio Statistics for Type 1 Analysis
 
                                                           LR
     Source                    -2 Log L      DF    Chi-Square    Pr > ChiSq

     (Without Covariates)      110.2025                                    
     x1                        108.3004       2        1.9020        0.3863
     x2b                        99.6735       3        8.6270        0.0347
     x1*x2b                     87.8881       6       11.7854        0.0669
                                 The SAS System                                7
                                                 07:16 Monday, September 9, 2019

                              The PHREG Procedure

                               Model Information

                      Data Set                 WORK.TEST2
                      Dependent Variable       time      
                      Censoring Variable       status    
                      Censoring Value(s)       0         
                      Ties Handling            BRESLOW   


                    Number of Observations Read          24
                    Number of Observations Used          24


                            Class Level Information
 
                      Class     Value     Design Variables

                      x1        a          1      0       
                                b          0      1       
                                c          0      0       

                      x2c       A          1      0      0
                                B          0      1      0
                                D          0      0      1
                                xC         0      0      0


               Summary of the Number of Event and Censored Values
 
                                                       Percent
                     Total       Event    Censored    Censored

                        24          24           0        0.00


                               Convergence Status

                 Convergence criterion (GCONV=1E-8) satisfied.          


                             Model Fit Statistics
 
                                     Without           With
                    Criterion     Covariates     Covariates

                    -2 LOG L         110.202         87.888
                    AIC              110.202        109.888
                    SBC              110.202        122.847
                                 The SAS System                                8
                                                 07:16 Monday, September 9, 2019

                              The PHREG Procedure

                    Testing Global Null Hypothesis: BETA=0
 
            Test                 Chi-Square       DF     Pr > ChiSq

            Likelihood Ratio        22.3144       11         0.0220
            Score                   21.7028       11         0.0268
            Wald                    15.3304       11         0.1679


                                  Joint Tests
 
                                           Wald
                   Effect      DF    Chi-Square    Pr > ChiSq

                   x1           2        0.7242        0.6962
                   x2c          3        8.1054        0.0439
                   x1*x2c       6        9.0291        0.1719

NOTE: Under full-rank parameterizations, Type 3 effect tests are replaced by 
      joint tests.  The joint test for an effect is a test that all of the 
      parameters associated with that effect are zero.  Such joint tests might 
      not be equivalent to Type 3 effect tests under GLM parameterization.


                   Analysis of Maximum Likelihood Estimates
 
                           Parameter      Standard
 Parameter          DF      Estimate         Error    Chi-Square    Pr > ChiSq

 x1        a         1      -0.39194       0.95424        0.1687        0.6813
 x1        b         1      -1.12385       1.32061        0.7242        0.3948
 x2c       A         1      -3.73192       1.63364        5.2186        0.0223
 x2c       B         1       0.85668       1.04505        0.6720        0.4124
 x2c       D         1      -1.41144       1.34638        1.0990        0.2945
 x1*x2c    a  A      1       2.10022       1.60544        1.7114        0.1908

                   Analysis of Maximum Likelihood Estimates
 
                                       Hazard
                  Parameter             Ratio    Label

                  x1        a                    x1 a        
                  x1        b                    x1 b        
                  x2c       A                    x2c A       
                  x2c       B                    x2c B       
                  x2c       D                    x2c D       
                  x1*x2c    a  A                 x1 a * x2c A
                                 The SAS System                                9
                                                 07:16 Monday, September 9, 2019

                              The PHREG Procedure

                   Analysis of Maximum Likelihood Estimates
 
                           Parameter      Standard
 Parameter          DF      Estimate         Error    Chi-Square    Pr > ChiSq

 x1*x2c    a  B      1      -1.45933       1.37346        1.1290        0.2880
 x1*x2c    a  D      1      -1.76977       1.73791        1.0370        0.3085
 x1*x2c    b  A      1       5.81979       2.25052        6.6873        0.0097
 x1*x2c    b  B      1       1.84796       1.68689        1.2001        0.2733
 x1*x2c    b  D      1       0.42718       2.00104        0.0456        0.8310

                   Analysis of Maximum Likelihood Estimates
 
                                       Hazard
                  Parameter             Ratio    Label

                  x1*x2c    a  B                 x1 a * x2c B
                  x1*x2c    a  D                 x1 a * x2c D
                  x1*x2c    b  A                 x1 b * x2c A
                  x1*x2c    b  B                 x1 b * x2c B
                  x1*x2c    b  D                 x1 b * x2c D


                Likelihood Ratio Statistics for Type 1 Analysis
 
                                                           LR
     Source                    -2 Log L      DF    Chi-Square    Pr > ChiSq

     (Without Covariates)      110.2025                                    
     x1                        108.3004       2        1.9020        0.3863
     x2c                        99.6735       3        8.6270        0.0347
     x1*x2c                     87.8881       6       11.7854        0.0669
                                 The SAS System                               10
                                                 07:16 Monday, September 9, 2019

                              The PHREG Procedure

                               Model Information

                      Data Set                 WORK.TEST2
                      Dependent Variable       time      
                      Censoring Variable       status    
                      Censoring Value(s)       0         
                      Ties Handling            BRESLOW   


                    Number of Observations Read          24
                    Number of Observations Used          24


                            Class Level Information
 
                      Class     Value     Design Variables

                      x1        a          1      0       
                                b          0      1       
                                c         -1     -1       

                      x2        A          1      0      0
                                B          0      1      0
                                C          0      0      1
                                D         -1     -1     -1


               Summary of the Number of Event and Censored Values
 
                                                       Percent
                     Total       Event    Censored    Censored

                        24          24           0        0.00


                               Convergence Status

                 Convergence criterion (GCONV=1E-8) satisfied.          


                             Model Fit Statistics
 
                                     Without           With
                    Criterion     Covariates     Covariates

                    -2 LOG L         110.202         87.888
                    AIC              110.202        109.888
                    SBC              110.202        122.847
                                 The SAS System                               11
                                                 07:16 Monday, September 9, 2019

                              The PHREG Procedure

                    Testing Global Null Hypothesis: BETA=0
 
            Test                 Chi-Square       DF     Pr > ChiSq

            Likelihood Ratio        22.3144       11         0.0220
            Score                   21.7028       11         0.0268
            Wald                    15.3304       11         0.1679


                                  Joint Tests
 
                                           Wald
                   Effect      DF    Chi-Square    Pr > ChiSq

                   x1           2        5.2930        0.0709
                   x2           3       10.9932        0.0118
                   x1*x2        6        9.0291        0.1719

NOTE: Under full-rank parameterizations, Type 3 effect tests are replaced by 
      joint tests.  The joint test for an effect is a test that all of the 
      parameters associated with that effect are zero.  Such joint tests might 
      not be equivalent to Type 3 effect tests under GLM parameterization.


                   Analysis of Maximum Likelihood Estimates
 
                          Parameter      Standard
  Parameter        DF      Estimate         Error    Chi-Square    Pr > ChiSq

  x1        a       1      -0.74940       0.36606        4.1911        0.0406
  x1        b       1       0.82464       0.40518        4.1423        0.0418
  x2        A       1      -0.60075       0.50628        1.4080        0.2354
  x2        B       1       1.47739       0.47211        9.7929        0.0018
  x2        C       1       0.49117       0.48713        1.0166        0.3133
  x1*x2     a A     1       0.32294       0.54766        0.3477        0.5554

                    Analysis of Maximum Likelihood Estimates
 
                                       Hazard
                    Parameter           Ratio    Label

                    x1        a                  x1 a       
                    x1        b                  x1 b       
                    x2        A                  x2 A       
                    x2        B                  x2 B       
                    x2        C                  x2 C       
                    x1*x2     a A                x1 a * x2 A
                                 The SAS System                               12
                                                 07:16 Monday, September 9, 2019

                              The PHREG Procedure

                   Analysis of Maximum Likelihood Estimates
 
                          Parameter      Standard
  Parameter        DF      Estimate         Error    Chi-Square    Pr > ChiSq

  x1*x2     a B     1      -0.72615       0.54488        1.7760        0.1826
  x1*x2     a C     1       0.86273       0.54891        2.4703        0.1160
  x1*x2     b A     1       1.73656       0.74788        5.3916        0.0202
  x1*x2     b B     1       0.27519       0.56887        0.2340        0.6286
  x1*x2     b C     1      -1.44323       0.72499        3.9628        0.0465

                    Analysis of Maximum Likelihood Estimates
 
                                       Hazard
                    Parameter           Ratio    Label

                    x1*x2     a B                x1 a * x2 B
                    x1*x2     a C                x1 a * x2 C
                    x1*x2     b A                x1 b * x2 A
                    x1*x2     b B                x1 b * x2 B
                    x1*x2     b C                x1 b * x2 C


                Likelihood Ratio Statistics for Type 1 Analysis
 
                                                           LR
     Source                    -2 Log L      DF    Chi-Square    Pr > ChiSq

     (Without Covariates)      110.2025                                    
     x1                        108.3004       2        1.9020        0.3863
     x2                         99.6735       3        8.6270        0.0347
     x1*x2                      87.8881       6       11.7854        0.0669
